eeschema (2013-may-18)-stable  >> Creation date: Пн 09 сен 2013 22:01:39
#Cmp ( order = Reference )
| C1         470uF       
| C2         0.1 uF      
| C3         0.01 uF     
| C4         0.001 uF    
| C5         470uF       
| C6         0.001 uF    
| C7         0.01 uF     
| C8         0.1 uF      
| CU1        0.1uF       
| CU2        0.1uF       
| CU3        0.1uF       
| CU4        0.1uF       
| CU5        0.1uF       
| CU6        0.1uF       
| CU7        0.1uF       
| CU8        0.1uF       
| CU9        0.1uF       
| CU10       0.1uF       
| CU11       0.1uF       
| CU12       0.1uF       
| CU13       0.1uF       
| CU14       0.1uF       
| CU15       0.1uF       
| CU16       0.1uF       
| CU17       0.1uF       
| D1         PWR_LED     
| D2         LED         
| D3         LED         
| D4         LED         
| D5         LED         
| D6         LED         
| D7         LED         
| D8         LED         
| D9         LED         
| D10        LED         
| D11        LED         
| D12        LED         
| D13        LED         
| D14        SPU03L-05   
| D15        ISLTD_PWR_LED
| D16        TVS         
| F1         FUSE 1A     
| F2         FUSE 0.5A   
| I/O_SRC_LED1 LED         
| j1         DB25        
| j2         DB25        
| MUX1       74LS158     
| MUX2       74LS158     
| MUX3       74LS158     
| MUX4       CD74HCT257M 
| OPTOCPLR1  PC817       
| OPTOCPLR2  PC817       
| OPTOCPLR3  PC817       
| OPTOCPLR4  PC817       
| OPTOCPLR5  PC817       
| P1         CONN_1      
| P2         CONN_1      
| P3         CONN_1      
| P4         CONN_1      
| P5         CONN_1      
| P6         CONN_1      
| P7         CONN_1      
| P8         CONN_1      
| P9         CONN_1      
| P10        CONN_1      
| P11        CONN_1      
| P12        CONN_1      
| P13        CONN_1      
| P14        CONN_1      
| P15        CONN_1      
| P16        CONN_1      
| P17        CONN_1      
| P18        CONN_1      
| P19        CONN_1      
| Q1         BC817-40    
| Q2         BC807-40    
| Q3         BC807-40    
| Q4         BC807-40    
| Q5         BC807-40    
| Q6         BC807-40    
| Q7         BC807-40    
| Q8         BC807-40    
| Q9         BC807-40    
| Q10        BC807-40    
| Q11        BC807-40    
| Q12        BC807-40    
| Q13        BC807-40    
| Q14        BC807-40    
| Q15        BC807-40    
| Q16        BC807-40    
| Q17        BC807-40    
| Q18        BC807-40    
| R1         2K7         
| R2         2K7         
| R3         2K7         
| R4         2K7         
| R5         2K7         
| R6         2K7         
| R7         2K7         
| R8         2K7         
| R9         470         
| R10        470         
| R11        470         
| R12        470         
| R13        2K7         
| R14        2K7         
| R15        2K7         
| R16        2K7         
| R17        2K7         
| R18        2K7         
| R19        2K7         
| R20        2K7         
| R21        2K7         
| R22        2K7         
| R23        2K7         
| R24        2K7         
| R25        2K7         
| R26        2K7         
| R27        470         
| R28        470         
| R29        470         
| R30        470         
| R31        2K7         
| R32        2K7         
| R33        2K7         
| R34        2K7         
| R35        2K7         
| R36        2K7         
| R37        2K7         
| R38        2K7         
| R39        2K7         
| R40        2K7         
| R41        100K        
| R42        700         
| R43        100K        
| R44        700         
| R45        100K        
| R46        700         
| R47        100K        
| R48        700         
| R49        100K        
| R50        700         
| R51        100K        
| R52        700         
| R53        100K        
| R54        700         
| R55        100K        
| R56        700         
| R57        100K        
| R58        700         
| R59        100K        
| R60        700         
| R61        100K        
| R62        700         
| R63        100K        
| R64        700         
| R65        2K7         
| R66        2K7         
| R67        470         
| R68        470         
| R69        470         
| R70        470         
| R71        2K7         
| R72        2K7         
| R73        2K7         
| R74        2K7         
| R75        2K7         
| R76        2K7         
| R77        2K7         
| R78        2K7         
| R79        2K7         
| R80        2K7         
| R81        100K        
| R82        700         
| R83        100K        
| R84        700         
| R85        100K        
| R86        700         
| R87        100K        
| R88        700         
| R89        100K        
| R90        700         
| R91        180         
| R92        180         
| R93        2K7         
| R94        2K7         
| R95        2K7         
| R96        2K7         
| R97        2K7         
| R98        2K7         
| R99        180         
| R100       180         
| R101       2K7         
| R102       2K7         
| R103       2K7         
| R104       2K7         
| R105       2K7         
| R106       2K7         
| R107       180         
| R108       2K7         
| R109       2K7         
| R110       2K7         
| R_LED1     180         
| R_LED2     180         
| R_LED3     180         
| R_LED4     180         
| R_LED5     180         
| R_LED6     180         
| R_LED7     180         
| R_LED8     180         
| R_LED9     180         
| R_LED10    180         
| R_LED11    180         
| R_LED12    180         
| R_LED13    180         
| R_LED14    180         
| R_LED15    180         
| R_LED16    180         
| R_LED17    180         
| R_LED18    180         
| R_LED19    180         
| R_LED20    180         
| SNSRLED1   LED         
| SNSRLED2   LED         
| SNSRLED3   LED         
| SNSRLED4   LED         
| SNSRLED5   LED         
| TVS1       6.8V        
| U1         74LVC1G3157GW
| U2         HCPL2630    
| U3         HCPL2630    
| U4         HCPL2630    
| U5         HCPL2630    
| U6         HCPL2630    
| U7         HCPL2630    
| U8         74HCT14     
| U9         74HCT14     
| U10        SN74LVC2G17 
| U11        74HCT14     
| U12        SN74LVC2G17 
| U13        74HCT14     
#End Cmp

#Cmp ( порядок = Значение )
| 470uF        C1        
| 470uF        C5        
| 0.001 uF     C4        
| 0.001 uF     C6        
| 0.01 uF      C3        
| 0.01 uF      C7        
| 0.1 uF       C2        
| 0.1 uF       C8        
| 0.1uF        CU1       
| 0.1uF        CU2       
| 180          R_LED4    
| 180          R_LED5    
| 180          R_LED6    
| 180          R_LED7    
| 180          R_LED8    
| 0.1uF        CU3       
| 0.1uF        CU4       
| 0.1uF        CU5       
| 180          R_LED3    
| 180          R_LED2    
| 0.1uF        CU6       
| 0.1uF        CU7       
| 0.1uF        CU8       
| 0.1uF        CU9       
| 180          R_LED9    
| 180          R_LED10   
| 180          R_LED11   
| 0.1uF        CU10      
| 0.1uF        CU11      
| 0.1uF        CU12      
| 0.1uF        CU13      
| 0.1uF        CU14      
| 180          R_LED1    
| 0.1uF        CU15      
| 0.1uF        CU16      
| 0.1uF        CU17      
| PWR_LED      D1        
| LED          D2        
| LED          D3        
| LED          D4        
| LED          D5        
| LED          D6        
| LED          D7        
| LED          D8        
| LED          D9        
| LED          D10       
| LED          D11       
| LED          D12       
| LED          D13       
| SPU03L-05    D14       
| ISLTD_PWR_LED D15       
| TVS          D16       
| FUSE 1A      F1        
| FUSE 0.5A    F2        
| DB25         j1        
| DB25         j2        
| 74LS158      MUX1      
| 74LS158      MUX2      
| 74LS158      MUX3      
| CD74HCT257M  MUX4      
| PC817        OPTOCPLR1 
| PC817        OPTOCPLR2 
| PC817        OPTOCPLR3 
| PC817        OPTOCPLR4 
| PC817        OPTOCPLR5 
| CONN_1       P1        
| CONN_1       P2        
| CONN_1       P3        
| CONN_1       P4        
| CONN_1       P5        
| CONN_1       P6        
| CONN_1       P7        
| CONN_1       P8        
| CONN_1       P9        
| CONN_1       P10       
| CONN_1       P11       
| CONN_1       P12       
| CONN_1       P13       
| CONN_1       P14       
| CONN_1       P15       
| CONN_1       P16       
| CONN_1       P17       
| CONN_1       P18       
| CONN_1       P19       
| BC817-40     Q1        
| BC807-40     Q2        
| BC807-40     Q3        
| BC807-40     Q4        
| BC807-40     Q5        
| BC807-40     Q6        
| BC807-40     Q7        
| BC807-40     Q8        
| BC807-40     Q9        
| BC807-40     Q10       
| BC807-40     Q11       
| BC807-40     Q12       
| BC807-40     Q13       
| BC807-40     Q14       
| BC807-40     Q15       
| BC807-40     Q16       
| BC807-40     Q17       
| BC807-40     Q18       
| 180          R91       
| 180          R92       
| 470          R9        
| 470          R10       
| 470          R11       
| 470          R12       
| 180          R_LED20   
| 180          R99       
| 180          R100      
| 180          R107      
| 180          R_LED19   
| 180          R_LED18   
| 180          R_LED17   
| 180          R_LED16   
| 180          R_LED15   
| 180          R_LED14   
| 470          R27       
| 470          R28       
| 180          R_LED13   
| 180          R_LED12   
| 470          R29       
| 470          R30       
| 470          R67       
| 470          R68       
| 470          R69       
| 470          R70       
| 700          R42       
| 700          R44       
| 700          R46       
| 700          R48       
| 700          R50       
| 700          R52       
| 700          R54       
| 700          R56       
| 700          R58       
| 700          R60       
| 700          R62       
| 700          R64       
| 700          R82       
| 700          R84       
| 700          R86       
| 700          R88       
| 700          R90       
| 2K7          R1        
| 2K7          R2        
| 2K7          R3        
| 2K7          R4        
| 2K7          R5        
| 2K7          R6        
| 2K7          R7        
| 2K7          R8        
| 2K7          R13       
| 2K7          R14       
| 2K7          R15       
| 2K7          R16       
| 2K7          R17       
| 2K7          R18       
| 2K7          R19       
| 2K7          R20       
| 2K7          R21       
| 2K7          R22       
| 2K7          R23       
| 2K7          R24       
| 2K7          R25       
| 2K7          R26       
| 2K7          R31       
| 2K7          R32       
| LED          I/O_SRC_LED1
| 2K7          R33       
| 2K7          R34       
| 2K7          R35       
| 2K7          R36       
| 2K7          R37       
| 2K7          R38       
| 2K7          R39       
| 2K7          R40       
| 2K7          R65       
| 2K7          R66       
| 2K7          R71       
| 2K7          R72       
| 2K7          R73       
| 2K7          R74       
| 2K7          R75       
| 2K7          R76       
| 2K7          R77       
| 2K7          R78       
| 2K7          R79       
| 2K7          R80       
| 2K7          R93       
| 2K7          R94       
| 2K7          R95       
| 2K7          R96       
| 2K7          R97       
| 2K7          R98       
| 2K7          R101      
| 2K7          R102      
| 2K7          R103      
| 2K7          R104      
| 2K7          R105      
| 2K7          R106      
| 2K7          R108      
| 2K7          R109      
| 2K7          R110      
| 100K         R41       
| 100K         R43       
| 100K         R45       
| 100K         R47       
| 100K         R49       
| 100K         R51       
| 100K         R53       
| 100K         R55       
| 100K         R57       
| 100K         R59       
| 100K         R61       
| 100K         R63       
| 100K         R81       
| 100K         R83       
| 100K         R85       
| 100K         R87       
| 100K         R89       
| LED          SNSRLED1  
| LED          SNSRLED2  
| LED          SNSRLED3  
| LED          SNSRLED4  
| LED          SNSRLED5  
| 6.8V         TVS1      
| HCPL2630     U2        
| HCPL2630     U3        
| HCPL2630     U4        
| HCPL2630     U5        
| HCPL2630     U6        
| HCPL2630     U7        
| 74LVC1G3157GW U1        
| 74HCT14      U8        
| 74HCT14      U9        
| SN74LVC2G17  U10       
| 74HCT14      U11       
| SN74LVC2G17  U12       
| 74HCT14      U13       
#End Cmp

#End List
